// Jest Snapshot v1, https://goo.gl/fbAQLP

exports[`<MainView> Empty render 1`] = `
Array [
  <div
    data-mock="Icon"
  >
    name: 
    globe
    className: 
    style: 
  </div>,
  "Â  Main View",
]
`;
